R1: c1/c2 = 34.29-36.06; quadrupole P2/P1 = 1.1e+11 (basal_GM) to 1.79e+11 (axial)  -> 'about 1e11'
R2: Eq.(3) coefficient 1.45e+05 (-> 1.5e5); gamma 3.197e+11; xi_req 6.65e+03 m (-> 'xi >~ 6e3 m'); 1 fm: ell = 46.4 m, short by 10^18.82; Planck: short by 10^38.61
R2: Eq.(4) 1/(2 gamma^2) = 4.89e-24  (-> 5e-24)
R3: F2 would have to drop by 10^18.82 (to 2.6e-22 at 1 fm), so M - rho*gamma by 10^9.41  -> 'about one part in 1e9'
R4: flow/deficit vertex = 2 pi^2 (v/c_k)/eps = 16.519 at v = 7.85; on the second-sound Cherenkov cone sin^2 = 1 - (c2/v)^2 = 0.9964  -> 'an order of magnitude'
R5: Z2/Z1 over (F2/F1)(c1/c2) - 1: 44:-0.3%, 34:-0.3%, 28:-0.3%, 22:-0.2%, 20:-0.2%, 18:-0.1%, 16:+0.1%, 15:+0.3%, 14:+0.8%, 13.5:+1.5%, 13:+3.6%, 12.7:+8.7%, 35:+0.0%; largest +8.7% at g = 12.7  -> 'up to 9 %'
R6: Lambda_c = 13.0408; at Lambda_c: c2/cT 0.7712, F2 0.4146 (json 0.4146), Z2/Z1 1.738, S2 0.8050
R6: stable phase (rows marked stable, up to Lambda_c): c2/cT 0.068-0.771 (-> 0.07-0.77); F2 0.0032-0.4146 (-> 0.3-41 %); S2 0.6354-0.8050 (-> 64-80 %)
R6: g = 13.0 lies 0.041 below Lambda_c (metastable side): S2 there 0.8089 (table 0.81)
R7: soft_g44: first leg 0.005538, second-leg code 0.005539 (diff 0.027 %); table '0.0055'
R7: soft_g34: first leg 0.017806, second-leg code 0.017811 (diff 0.024 %); table '0.018'
R7: soft_g28: first leg 0.039131, second-leg code 0.039140 (diff 0.022 %); table '0.039'
R7: g6_g35: first leg 0.094052, second-leg code 0.094071 (diff 0.020 %); table '0.094'
R7: meta_g12.5: first leg 0.698281, second-leg code 0.697845 (diff 0.063 %); table '0.698'
R7: meta_g12.4: first leg 0.740533, second-leg code 0.739575 (diff 0.130 %); table '0.74'
R8: largest gaps: g=12.4 c1 46.60%, g=12.7 Z21 0.14%, g=12.7 F2 0.11%, g=34 Z21 0.09%
R8: all other entries agree to 0.14 % (c1 at 12.4: see table2_cc_g124_modecheck.log)
R10: zone edge |K| 3.02, |M| 2.62, |A| 1.39; drag ~ q_max^4, so a cut there lowers it by 10^1.97-10^3.32  -> 'two to three orders'; proton-size shortfall then 10^15.5-10^16.9
R10: flow vertex on the second-sound cone: |V|^2 ratio 271 = 10^2.43  -> 'shortens ell by about two orders'
R11: soft_g22: gapped modes' f-sum share at 0.05 0.0008; Z2/Z1 vs two-branch value -0.20% (gapped +0.08%, dispersion -0.28%); Z2/q spread over the window 1.3%, Z1/q 0.3%
R11: soft_g14: gapped modes' f-sum share at 0.05 0.0055; Z2/Z1 vs two-branch value +0.78% (gapped +0.76%, dispersion +0.01%); Z2/q spread over the window 5.1%, Z1/q 0.2%
R11: soft_g13.5: gapped modes' f-sum share at 0.05 0.0083; Z2/Z1 vs two-branch value +1.47% (gapped +1.27%, dispersion +0.20%); Z2/q spread over the window 7.0%, Z1/q 0.6%
R11: ref_g13: gapped modes' f-sum share at 0.05 0.0156; Z2/Z1 vs two-branch value +3.58% (gapped +2.79%, dispersion +0.77%); Z2/q spread over the window 11.5%, Z1/q 1.7%
R11: ref_g12.7: gapped modes' f-sum share at 0.05 0.0292; Z2/Z1 vs two-branch value +8.66% (gapped +6.38%, dispersion +2.14%); Z2/q spread over the window 19.8%, Z1/q 3.9%
R12: S5: xi_req 2.28e+04-2.38e+04 m (-> 'xi >~ 2e4 m'); Planck shortfall -39.17 to -39.15 orders (-> '39 orders')
R13: |M - rho*gamma|/M must fall from 0.912 to 3.5e-10  -> 'one part in 1e9 or better'
R9: d = 3: c_-/c_T >= sqrt(f_s * 2(d-1)/d) = 1.0328; f_s threshold d/[2(d-1)] = 0.7500
R9: d = 4: c_-/c_T >= sqrt(f_s * 2(d-1)/d) = 1.0954; f_s threshold d/[2(d-1)] = 0.6667
R9: K/mu = 5/3 -> M = K + 4mu/3 = 3 mu -> c_-/c_T = sqrt(0.8*3) = 1.5492
ALL REVISION NUMBERS CHECK
