G-VS1 two-leg comparison: 415 checks, 340 PASS, 75 MISS (0 representational, 75 exact); verdict codes ['VC-3', 'VC-3']; ALL_PASS=False
  MISS C-VS-1 phase0.0a.rank EXACT
  MISS C-VS-1 phase0.0a.index_su2_long EXACT
  MISS C-VS-1 phase0.0a.index_su2_short EXACT
  MISS C-VS-1 phase0.0d.spin1_polar.elementary_winding EXACT
  MISS C-VS-1 phase0.0d.weyl_spin1_invariant_dims EXACT
  MISS C-VS-1 phase0.0f.annihilated EXACT
  MISS C-VS-2 phase1.weyl EXACT
  MISS C-VS-2 phase1.T_parity EXACT
  MISS C-VS-2 phase1.locality_g2_equals_so7 EXACT
  MISS C-VS-2 phase1.F_VS_1 EXACT
  MISS C-VS-2 phase1.F_VS_2 EXACT
  MISS C-VS-2 phase1.RUS.deg4.flags EXACT
  MISS C-VS-2 phase1.RUS.singlet_blind EXACT
  MISS C-VS-2 phase1.point_of_record.quartic_coefficients EXACT
  MISS C-VS-2 phase1.basis_deg4 EXACT
  MISS C-VS-3 phase2.strata.R.P_kind EXACT
  MISS C-VS-3 phase2.strata.R.dynkin_index EXACT
  MISS C-VS-3 phase2.strata.R.pi0_K EXACT
  MISS C-VS-3 phase2.strata.R.pi0_H EXACT
  MISS C-VS-3 phase2.strata.P7.P_kind EXACT
  MISS C-VS-3 phase2.strata.P7.dynkin_index EXACT
  MISS C-VS-3 phase2.strata.P7.orbit EXACT
  MISS C-VS-3 phase2.strata.P7.pi0_K EXACT
  MISS C-VS-3 phase2.strata.P7.elementary_winding EXACT
  MISS C-VS-3 phase2.strata.F7.P_kind EXACT
  MISS C-VS-3 phase2.strata.F7.dynkin_index EXACT
  MISS C-VS-3 phase2.strata.F7.orbit EXACT
  MISS C-VS-3 phase2.strata.F7.pi0_K EXACT
  MISS C-VS-3 phase2.strata.F7.pi0_H EXACT
  MISS C-VS-3 phase2.strata.F7.elementary_winding EXACT
  MISS C-VS-3 phase2.strata.I7.P_kind EXACT
  MISS C-VS-3 phase2.strata.I7.dynkin_index EXACT
  MISS C-VS-3 phase2.strata.I7.orbit EXACT
  MISS C-VS-3 phase2.strata.I7.pi0_K EXACT
  MISS C-VS-3 phase2.strata.I7.elementary_winding EXACT
  MISS C-VS-3 phase2.strata.MP+.P_kind EXACT
  MISS C-VS-3 phase2.strata.MP+.dynkin_index EXACT
  MISS C-VS-3 phase2.strata.MP+.orbit EXACT
  MISS C-VS-3 phase2.strata.MP+.pi0_K EXACT
  MISS C-VS-3 phase2.strata.MP+.pi0_H EXACT
  MISS C-VS-3 phase2.strata.MP-.P_kind EXACT
  MISS C-VS-3 phase2.strata.MP-.dynkin_index EXACT
  MISS C-VS-3 phase2.strata.MP-.orbit EXACT
  MISS C-VS-3 phase2.strata.MP-.pi0_K EXACT
  MISS C-VS-3 phase2.strata.MP-.pi0_H EXACT
  MISS C-VS-3 phase2.strata.MP0.P_kind EXACT
  MISS C-VS-3 phase2.strata.MP0.dynkin_index EXACT
  MISS C-VS-3 phase2.strata.MP0.orbit EXACT
  MISS C-VS-3 phase2.strata.MP0.pi0_K EXACT
  MISS C-VS-3 phase2.strata.MP0.pi0_H EXACT
  MISS C-VS-3 phase2.strata.MF.P_kind EXACT
  MISS C-VS-3 phase2.strata.MF.dynkin_index EXACT
  MISS C-VS-3 phase2.strata.MF.orbit EXACT
  MISS C-VS-3 phase2.strata.MF.pi0_K EXACT
  MISS C-VS-3 phase2.strata.MF.pi0_H EXACT
  MISS C-VS-3 phase2.strata.MI+.P_kind EXACT
  MISS C-VS-3 phase2.strata.MI+.dynkin_index EXACT
  MISS C-VS-3 phase2.strata.MI+.orbit EXACT
  MISS C-VS-3 phase2.strata.MI+.pi0_K EXACT
  MISS C-VS-3 phase2.strata.MI+.pi0_H EXACT
  MISS C-VS-3 phase2.strata.MI-.P_kind EXACT
  MISS C-VS-3 phase2.strata.MI-.dynkin_index EXACT
  MISS C-VS-3 phase2.strata.MI-.orbit EXACT
  MISS C-VS-3 phase2.strata.MI-.pi0_K EXACT
  MISS C-VS-3 phase2.strata.MI-.pi0_H EXACT
  MISS C-VS-3 phase2.strata.MI0.P_kind EXACT
  MISS C-VS-3 phase2.strata.MI0.dynkin_index EXACT
  MISS C-VS-3 phase2.strata.MI0.orbit EXACT
  MISS C-VS-3 phase2.strata.MI0.pi0_K EXACT
  MISS C-VS-3 phase2.strata.MI0.pi0_H EXACT
  MISS C-VS-3 phase2.criterion_pi1_zero_iff_rho0_zero_and_S_zero EXACT
  MISS C-VS-3 phase2.sampling.tally EXACT
  MISS C-VS-3 phase2.sampling.strata_realized_as_minimizers EXACT
  MISS C-VS-3 phase2.F_VS_3 EXACT
  MISS C-VS-4 phase3.F_VS_4 EXACT
