[soft_g44] res 3.9e-03->1.3e-05 ward -0.0464->+0.00018 contrast 11.85 c2=0.59605 cT=8.70861 c1=16.0930 c2/cT=0.06844 F2=0.00325 (186s)
[soft_g34] res 2.9e-03->3.2e-05 ward -0.0283->+0.00045 contrast 10.35 c2=0.94952 cT=7.46387 c1=14.0345 c2/cT=0.12722 F2=0.01002 (205s)
[soft_g28] res 2.4e-03->3.8e-05 ward -0.0206->+0.00081 contrast 9.32 c2=1.28829 cT=6.65772 c1=12.6714 c2/cT=0.19350 F2=0.02147 (220s)
[soft_g22] res 1.9e-03->1.2e-05 ward -0.0154->+0.00153 contrast 8.07 c2=1.80306 cT=5.80330 c1=11.1697 c2/cT=0.31070 F2=0.05148 (291s)
[g6_g35] res 2.4e-03->1.5e-05 ward -0.0238->+0.00229 contrast 8.73 c2=2.17743 cT=6.64655 c1=13.5272 c2/cT=0.32760 F2=0.04320 (197s)
[soft_g20] res 1.7e-03->7.4e-06 ward -0.0143->+0.00194 contrast 7.56 c2=2.03917 cT=5.50784 c1=10.6234 c2/cT=0.37023 F2=0.07189 (296s)
[soft_g18] res 1.6e-03->1.0e-05 ward -0.0135->+0.00248 contrast 6.97 c2=2.32644 cT=5.20823 c1=10.0425 c2/cT=0.44669 F2=0.10407 (270s)
[soft_g17] res 1.5e-03->9.0e-06 ward -0.0134->+0.00284 contrast 6.62 c2=2.49648 cT=5.05668 c1=9.7319 c2/cT=0.49370 F2=0.12771 (184s)
[soft_g16] res 1.4e-03->7.1e-06 ward -0.0135->+0.00326 contrast 6.22 c2=2.68933 cT=4.90554 c1=9.4058 c2/cT=0.54822 F2=0.15976 (136s)
[soft_g15.5] res 1.4e-03->8.9e-06 ward -0.0137->+0.00351 contrast 5.99 c2=2.79661 cT=4.82977 c1=9.2330 c2/cT=0.57904 F2=0.18047 (103s)
[soft_g15] res 1.4e-03->1.7e-05 ward -0.0142->+0.00378 contrast 5.74 c2=2.91219 cT=4.75432 c1=9.0528 c2/cT=0.61254 F2=0.20567 (50s)
[soft_g14.5] res 1.3e-03->1.2e-05 ward -0.0150->+0.00408 contrast 5.46 c2=3.03735 cT=4.67906 c1=8.8613 c2/cT=0.64914 F2=0.23716 (227s)
[soft_g14] res 1.3e-03->8.3e-06 ward -0.0165->+0.00442 contrast 5.14 c2=3.17284 cT=4.60404 c1=8.6533 c2/cT=0.68914 F2=0.27806 (277s)
[soft_g13.5] res 1.4e-03->2.1e-05 ward -0.0193->+0.00477 contrast 4.74 c2=3.31690 cT=4.52929 c1=8.4179 c2/cT=0.73232 F2=0.33462 (218s)
[soft_g13] res 1.5e-03->8.2e-06 ward -0.0253->+0.00502 contrast 4.24 c2=3.45184 cT=4.45459 c1=8.1248 c2/cT=0.77490 F2=0.42306 (242s)
[ref_g13.25] res 1.4e-03->2.6e-05 ward -0.0217->+0.00492 contrast 4.51 c2=3.38744 cT=4.49242 c1=8.2852 c2/cT=0.75403 F2=0.37274 (171s)
[ref_g13] res 1.5e-03->7.1e-06 ward -0.0254->+0.00502 contrast 4.24 c2=3.45070 cT=4.45499 c1=8.1278 c2/cT=0.77457 F2=0.42279 (310s)
[ref_g12.9] res 1.6e-03->1.3e-05 ward -0.0276->+0.00502 contrast 4.12 c2=3.46939 cT=4.43997 c1=8.0552 c2/cT=0.78140 F2=0.44791 (108s)
[ref_g12.8] res 1.7e-03->1.5e-05 ward -0.0307->+0.00497 contrast 3.98 c2=3.47988 cT=4.42487 c1=7.9737 c2/cT=0.78644 F2=0.47742 (54s)
[ref_g12.7] res 1.8e-03->3.7e-05 ward -0.0357->+0.00482 contrast 3.83 c2=3.47506 cT=4.40963 c1=7.8790 c2/cT=0.78806 F2=0.51305 (55s)
[ref_g12.6] res 2.1e-03->1.1e-05 ward -0.0458->+0.00447 contrast 3.65 c2=3.43863 cT=4.39414 c1=7.7630 c2/cT=0.78255 F2=0.55776 (54s)
[ref_g12.55] res 2.4e-03->1.2e-05 ward -0.0556->+0.00414 contrast 3.55 c2=3.39663 cT=4.38623 c1=7.6918 c2/cT=0.77438 F2=0.58505 (53s)
JOB A DONE
