[3D] AB a=1.38596 c=2.25960 Lam=43.4275 grid=(42, 72, 68) relax: e=68.342749 res=8.56e-11 it=125 (5s)
[3D] in-basis relax: e=68.343182 mu=117.80218 res=3.05e-03 (10s)
[3D] NG=1355
[3D] near-Gamma om: ['0.0000', '0.0000', '0.0000', '0.0001', '0.8552', '0.8643', '0.9743', '14.7370']  L0_min=1.58e-11
[3D basal_GM q=0.15] om=['0.0716', '0.8559', '0.8654', '0.9745', '1.0996', '1.1768', '2.4069', '14.8021']
      Z/q=['0.0134', '0.0000', '0.0000', '0.0000', '0.0000', '0.0000', '0.2335', '0.0001']
      fshare=['0.0017', '0.0000', '0.0000', '0.0000', '0.0000', '0.0000', '0.9966', '0.0014'] gapped=2.78e-04 | fsum 1.000000 static 1.000000 (19s)
[3D basal_GM q=0.3] om=['0.1430', '0.8590', '0.8688', '0.9751', '2.2944', '2.4080', '4.8203', '14.9982']
      Z/q=['0.0135', '0.0000', '0.0000', '0.0000', '0.0000', '0.0000', '0.2318', '0.0005']
      fshare=['0.0017', '0.0000', '0.0000', '0.0000', '0.0000', '0.0000', '0.9910', '0.0062'] gapped=1.09e-03 | fsum 1.000000 static 1.000000 (24s)
[3D basal_GM q=0.6] om=['0.2826', '0.8718', '0.8823', '0.9767', '4.6197', '4.9005', '9.5013', '15.8093']
      Z/q=['0.0134', '0.0000', '0.0000', '0.0000', '0.0000', '0.0000', '0.2259', '0.0061']
      fshare=['0.0017', '0.0000', '0.0000', '0.0000', '0.0000', '0.0000', '0.9516', '0.0426'] gapped=4.10e-03 | fsum 1.000000 static 1.000000 (28s)
[3D axial q=0.15] om=['0.0716', '0.8523', '0.8650', '0.9736', '1.1319', '1.1319', '2.5169', '14.6759']
      Z/q=['0.0140', '0.0000', '0.0000', '0.0000', '0.0000', '0.0000', '0.2236', '0.0000']
      fshare=['0.0018', '0.0000', '0.0000', '0.0000', '0.0000', '0.0000', '0.9979', '0.0000'] gapped=2.86e-04 | fsum 1.000000 static 1.000000 (33s)
[3D axial q=0.3] om=['0.1430', '0.8435', '0.8674', '0.9716', '2.3048', '2.3048', '5.0730', '14.4938']
      Z/q=['0.0140', '0.0000', '0.0000', '0.0000', '0.0000', '0.0000', '0.2216', '0.0000']
      fshare=['0.0018', '0.0000', '0.0000', '0.0000', '0.0000', '0.0000', '0.9971', '0.0000'] gapped=1.12e-03 | fsum 1.000000 static 1.000000 (37s)
[3D axial q=0.6] om=['0.2824', '0.8090', '0.8764', '0.9638', '4.5907', '4.5907', '10.1334', '13.7804']
      Z/q=['0.0139', '0.0000', '0.0000', '0.0000', '0.0000', '0.0000', '0.2212', '0.0000']
      fshare=['0.0017', '0.0000', '0.0000', '0.0000', '0.0000', '0.0000', '0.9941', '0.0000'] gapped=4.18e-03 | fsum 1.000000 static 1.000000 (41s)
[3D basal_GK q=0.15] om=['0.0716', '0.8563', '0.8639', '0.9746', '1.0996', '1.1739', '2.4082', '14.8018']
      Z/q=['0.0134', '0.0000', '0.0000', '0.0000', '0.0000', '0.0000', '0.2334', '0.0000']
      fshare=['0.0017', '0.0000', '0.0000', '0.0000', '0.0000', '0.0000', '0.9967', '0.0000'] gapped=2.78e-04 | fsum 1.000000 static 1.000000 (46s)
[3D basal_GK q=0.3] om=['0.1430', '0.8597', '0.8628', '0.9754', '2.2944', '2.3878', '4.8316', '14.9941']
      Z/q=['0.0135', '0.0000', '0.0000', '0.0000', '0.0000', '0.0000', '0.2315', '0.0000']
      fshare=['0.0017', '0.0000', '0.0000', '0.0000', '0.0000', '0.0000', '0.9917', '0.0000'] gapped=1.10e-03 | fsum 1.000000 static 1.000000 (50s)
[3D basal_GK q=0.6] om=['0.2830', '0.8596', '0.8734', '0.9783', '4.6189', '4.7603', '9.6181', '15.7315']
      Z/q=['0.0135', '0.0000', '0.0000', '0.0000', '0.0000', '0.0000', '0.2275', '0.0000']
      fshare=['0.0017', '0.0000', '0.0000', '0.0000', '0.0000', '0.0000', '0.9702', '0.0000'] gapped=2.81e-02 | fsum 1.000000 static 1.000000 (54s)
