[g=20.0] a*=1.4666 (scan 1.357-1.598) eps_c=29.00221 eps_u=31.41593 d=-2.41372 mu_c=51.9533 contrast=7.562 rho_min=1.25e-02 res=1.7e-03 ward=-1.43e-02  (49s)
   GM kf=0.03  c(L-,T,L+)=(2.0482, 5.3584, 10.5757) c2/cT=0.3822 Z/q(L-,L+)=(0.0325,0.0817) ZT/q=5.4e-19 F-=0.0714 S-=0.672 order=[0, 1, 2] cls=['L', 'T', 'L', 'phase'] sum 1.000000/1.000000
   GM kf=0.05  c(L-,T,L+)=(2.0477, 5.4576, 10.6191) c2/cT=0.3752 Z/q(L-,L+)=(0.0326,0.0813) ZT/q=1.5e-21 F-=0.0716 S-=0.675 order=[0, 1, 2] cls=['L', 'T', 'L', 'phase'] sum 1.000000/1.000000
   GM kf=0.075 c(L-,T,L+)=(2.0421, 5.4851, 10.6195) c2/cT=0.3723 Z/q(L-,L+)=(0.0325,0.0813) ZT/q=2.3e-21 F-=0.0712 S-=0.675 order=[0, 1, 2] cls=['L', 'T', 'L', 'phase'] sum 1.000000/1.000000
   GM kf=0.1   c(L-,T,L+)=(2.0332, 5.4909, 10.6024) c2/cT=0.3703 Z/q(L-,L+)=(0.0322,0.0813) ZT/q=2.1e-23 F-=0.0704 S-=0.674 order=[0, 1, 2] cls=['L', 'T', 'L', 'phase'] sum 1.000000/1.000000
   GK kf=0.05  c(L-,T,L+)=(2.0478, 5.4530, 10.6215) c2/cT=0.3755 Z/q(L-,L+)=(0.0326,0.0813) ZT/q=4.4e-21 F-=0.0716 S-=0.675 order=[0, 1, 2] cls=['L', 'T', 'L', 'phase'] sum 1.000000/1.000000
[g=20.0] f_s=0.1323  fit c2=2.0385 cT=5.4786 c1=10.6084 c2/cT=0.3721  (76s)
[g=18.0] a*=1.4767 (scan 1.367-1.607) eps_c=26.67075 eps_u=28.27433 d=-1.60359 mu_c=48.0169 contrast=6.967 rho_min=2.26e-02 res=1.6e-03 ward=-1.35e-02  (51s)
   GM kf=0.03  c(L-,T,L+)=(2.3357, 5.0625, 9.9941) c2/cT=0.4614 Z/q(L-,L+)=(0.0418,0.0847) ZT/q=7.9e-20 F-=0.1034 S-=0.679 order=[0, 1, 2] cls=['L', 'T', 'L', 'phase'] sum 1.000000/1.000000
   GM kf=0.05  c(L-,T,L+)=(2.3354, 5.1597, 10.0370) c2/cT=0.4526 Z/q(L-,L+)=(0.0419,0.0842) ZT/q=1.7e-20 F-=0.1037 S-=0.681 order=[0, 1, 2] cls=['L', 'T', 'L', 'phase'] sum 1.000000/1.000000
   GM kf=0.075 c(L-,T,L+)=(2.3295, 5.1862, 10.0383) c2/cT=0.4492 Z/q(L-,L+)=(0.0417,0.0841) ZT/q=2.5e-21 F-=0.1029 S-=0.681 order=[0, 1, 2] cls=['L', 'T', 'L', 'phase'] sum 1.000000/1.000000
   GM kf=0.1   c(L-,T,L+)=(2.3201, 5.1912, 10.0226) c2/cT=0.4469 Z/q(L-,L+)=(0.0414,0.0842) ZT/q=3.4e-22 F-=0.1017 S-=0.680 order=[0, 1, 2] cls=['L', 'T', 'L', 'phase'] sum 1.000000/1.000000
   GK kf=0.05  c(L-,T,L+)=(2.3355, 5.1554, 10.0392) c2/cT=0.4530 Z/q(L-,L+)=(0.0419,0.0842) ZT/q=3.0e-20 F-=0.1037 S-=0.682 order=[0, 1, 2] cls=['L', 'T', 'L', 'phase'] sum 1.000000/1.000000
[g=18.0] f_s=0.1886  fit c2=2.3256 cT=5.1795 c1=10.0278 c2/cT=0.4490  (79s)
[g=17.0] a*=1.4824 (scan 1.377-1.617) eps_c=25.47334 eps_u=26.70354 d=-1.23020 mu_c=46.0410 contrast=6.619 rho_min=3.12e-02 res=1.5e-03 ward=-1.34e-02  (53s)
   GM kf=0.03  c(L-,T,L+)=(2.5055, 4.9117, 9.6817) c2/cT=0.5101 Z/q(L-,L+)=(0.0482,0.0857) ZT/q=1.1e-20 F-=0.1269 S-=0.685 order=[0, 1, 2] cls=['L', 'T', 'L', 'phase'] sum 1.000000/1.000000
   GM kf=0.05  c(L-,T,L+)=(2.5054, 5.0087, 9.7250) c2/cT=0.5002 Z/q(L-,L+)=(0.0483,0.0852) ZT/q=1.4e-20 F-=0.1272 S-=0.688 order=[0, 1, 2] cls=['L', 'T', 'L', 'phase'] sum 1.000000/1.000000
   GM kf=0.075 c(L-,T,L+)=(2.4995, 5.0348, 9.7272) c2/cT=0.4965 Z/q(L-,L+)=(0.0480,0.0851) ZT/q=2.2e-21 F-=0.1262 S-=0.687 order=[0, 1, 2] cls=['L', 'T', 'L', 'phase'] sum 1.000000/1.000000
   GM kf=0.1   c(L-,T,L+)=(2.4900, 5.0393, 9.7127) c2/cT=0.4941 Z/q(L-,L+)=(0.0476,0.0852) ZT/q=3.1e-22 F-=0.1245 S-=0.685 order=[0, 1, 2] cls=['L', 'T', 'L', 'phase'] sum 1.000000/1.000000
   GK kf=0.05  c(L-,T,L+)=(2.5055, 5.0046, 9.7272) c2/cT=0.5006 Z/q(L-,L+)=(0.0483,0.0852) ZT/q=4.8e-21 F-=0.1272 S-=0.688 order=[0, 1, 2] cls=['L', 'T', 'L', 'phase'] sum 1.000000/1.000000
[g=17.0] f_s=0.2278  fit c2=2.4956 cT=5.0279 c1=9.7171 c2/cT=0.4963  (80s)
[g=16.0] a*=1.4884 (scan 1.382-1.622) eps_c=24.24983 eps_u=25.13274 d=-0.88291 mu_c=44.0647 contrast=6.219 rho_min=4.42e-02 res=1.4e-03 ward=-1.35e-02  (56s)
   GM kf=0.03  c(L-,T,L+)=(2.6974, 4.7597, 9.3521) c2/cT=0.5667 Z/q(L-,L+)=(0.0565,0.0862) ZT/q=2.4e-20 F-=0.1589 S-=0.694 order=[0, 1, 2] cls=['L', 'T', 'L', 'phase'] sum 1.000000/1.000000
   GM kf=0.05  c(L-,T,L+)=(2.6978, 4.8576, 9.3967) c2/cT=0.5554 Z/q(L-,L+)=(0.0566,0.0856) ZT/q=9.9e-21 F-=0.1591 S-=0.697 order=[0, 1, 2] cls=['L', 'T', 'L', 'phase'] sum 1.000000/1.000000
   GM kf=0.075 c(L-,T,L+)=(2.6922, 4.8836, 9.4003) c2/cT=0.5513 Z/q(L-,L+)=(0.0562,0.0855) ZT/q=5.6e-22 F-=0.1577 S-=0.696 order=[0, 1, 2] cls=['L', 'T', 'L', 'phase'] sum 1.000000/1.000000
   GM kf=0.1   c(L-,T,L+)=(2.6830, 4.8876, 9.3874) c2/cT=0.5490 Z/q(L-,L+)=(0.0555,0.0855) ZT/q=6.9e-22 F-=0.1553 S-=0.694 order=[0, 1, 2] cls=['L', 'T', 'L', 'phase'] sum 1.000000/1.000000
   GK kf=0.05  c(L-,T,L+)=(2.6979, 4.8538, 9.3987) c2/cT=0.5558 Z/q(L-,L+)=(0.0566,0.0856) ZT/q=2.4e-19 F-=0.1592 S-=0.697 order=[0, 1, 2] cls=['L', 'T', 'L', 'phase'] sum 1.000000/1.000000
[g=16.0] f_s=0.2782  fit c2=2.6884 cT=4.8764 c1=9.3908 c2/cT=0.5513  (84s)
[g=15.5] a*=1.4916 (scan 1.388-1.628) eps_c=23.62663 eps_u=24.34734 d=-0.72071 mu_c=43.0800 contrast=5.992 rho_min=5.32e-02 res=1.4e-03 ward=-1.37e-02  (59s)
   GM kf=0.03  c(L-,T,L+)=(2.8038, 4.6823, 9.1763) c2/cT=0.5988 Z/q(L-,L+)=(0.0617,0.0860) ZT/q=1.3e-19 F-=0.1795 S-=0.701 order=[0, 1, 2] cls=['L', 'T', 'L', 'phase'] sum 1.000000/1.000000
   GM kf=0.05  c(L-,T,L+)=(2.8045, 4.7816, 9.2222) c2/cT=0.5865 Z/q(L-,L+)=(0.0617,0.0854) ZT/q=1.6e-20 F-=0.1798 S-=0.704 order=[0, 1, 2] cls=['L', 'T', 'L', 'phase'] sum 1.000000/1.000000
   GM kf=0.075 c(L-,T,L+)=(2.7994, 4.8077, 9.2269) c2/cT=0.5823 Z/q(L-,L+)=(0.0612,0.0852) ZT/q=6.1e-21 F-=0.1779 S-=0.703 order=[0, 1, 2] cls=['L', 'T', 'L', 'phase'] sum 1.000000/1.000000
   GM kf=0.1   c(L-,T,L+)=(2.7906, 4.8113, 9.2152) c2/cT=0.5800 Z/q(L-,L+)=(0.0604,0.0853) ZT/q=4.1e-22 F-=0.1751 S-=0.700 order=[0, 1, 2] cls=['L', 'T', 'L', 'phase'] sum 1.000000/1.000000
   GK kf=0.05  c(L-,T,L+)=(2.8046, 4.7780, 9.2241) c2/cT=0.5870 Z/q(L-,L+)=(0.0618,0.0854) ZT/q=2.2e-20 F-=0.1798 S-=0.704 order=[0, 1, 2] cls=['L', 'T', 'L', 'phase'] sum 1.000000/1.000000
[g=15.5] f_s=0.3090  fit c2=2.7956 cT=4.8002 c1=9.2177 c2/cT=0.5824  (87s)
[g=15.0] a*=1.4949 (scan 1.392-1.632) eps_c=22.99464 eps_u=23.56194 d=-0.56730 mu_c=42.0999 contrast=5.742 rho_min=6.47e-02 res=1.4e-03 ward=-1.42e-02  (62s)
   GM kf=0.03  c(L-,T,L+)=(2.9178, 4.6038, 8.9917) c2/cT=0.6338 Z/q(L-,L+)=(0.0679,0.0854) ZT/q=2.2e-20 F-=0.2047 S-=0.710 order=[0, 1, 2] cls=['L', 'T', 'L', 'phase'] sum 1.000000/1.000000
   GM kf=0.05  c(L-,T,L+)=(2.9191, 4.7054, 9.0395) c2/cT=0.6204 Z/q(L-,L+)=(0.0679,0.0848) ZT/q=2.0e-20 F-=0.2049 S-=0.713 order=[0, 1, 2] cls=['L', 'T', 'L', 'phase'] sum 1.000000/1.000000
   GM kf=0.075 c(L-,T,L+)=(2.9146, 4.7318, 9.0457) c2/cT=0.6160 Z/q(L-,L+)=(0.0672,0.0846) ZT/q=7.4e-21 F-=0.2025 S-=0.712 order=[0, 1, 2] cls=['L', 'T', 'L', 'phase'] sum 1.000000/1.000000
   GM kf=0.1   c(L-,T,L+)=(2.9066, 4.7351, 9.0354) c2/cT=0.6138 Z/q(L-,L+)=(0.0662,0.0845) ZT/q=1.3e-22 F-=0.1989 S-=0.709 order=[0, 1, 2] cls=['L', 'T', 'L', 'phase'] sum 1.000000/1.000000
   GK kf=0.05  c(L-,T,L+)=(2.9192, 4.7021, 9.0413) c2/cT=0.6208 Z/q(L-,L+)=(0.0679,0.0847) ZT/q=6.7e-21 F-=0.2049 S-=0.713 order=[0, 1, 2] cls=['L', 'T', 'L', 'phase'] sum 1.000000/1.000000
[g=15.0] f_s=0.3446  fit c2=2.9111 cT=4.7240 c1=9.0369 c2/cT=0.6162  (89s)
[g=14.5] a*=1.4983 (scan 1.395-1.635) eps_c=22.35273 eps_u=22.77655 d=-0.42382 mu_c=41.1284 contrast=5.459 rho_min=7.98e-02 res=1.3e-03 ward=-1.50e-02  (65s)
   GM kf=0.03  c(L-,T,L+)=(3.0403, 4.5229, 8.7937) c2/cT=0.6722 Z/q(L-,L+)=(0.0755,0.0842) ZT/q=1.2e-19 F-=0.2362 S-=0.722 order=[0, 1, 2] cls=['L', 'T', 'L', 'phase'] sum 1.000000/1.000000
   GM kf=0.05  c(L-,T,L+)=(3.0424, 4.6286, 8.8447) c2/cT=0.6573 Z/q(L-,L+)=(0.0755,0.0835) ZT/q=3.7e-20 F-=0.2362 S-=0.724 order=[0, 1, 2] cls=['L', 'T', 'L', 'phase'] sum 1.000000/1.000000
   GM kf=0.075 c(L-,T,L+)=(3.0392, 4.6558, 8.8529) c2/cT=0.6528 Z/q(L-,L+)=(0.0746,0.0832) ZT/q=2.6e-21 F-=0.2331 S-=0.723 order=[0, 1, 2] cls=['L', 'T', 'L', 'phase'] sum 1.000000/1.000000
   GM kf=0.1   c(L-,T,L+)=(3.0326, 4.6588, 8.8445) c2/cT=0.6509 Z/q(L-,L+)=(0.0732,0.0832) ZT/q=7.6e-23 F-=0.2285 S-=0.719 order=[0, 1, 2] cls=['L', 'T', 'L', 'phase'] sum 1.000000/1.000000
   GK kf=0.05  c(L-,T,L+)=(3.0425, 4.6257, 8.8463) c2/cT=0.6577 Z/q(L-,L+)=(0.0755,0.0835) ZT/q=5.4e-20 F-=0.2363 S-=0.724 order=[0, 1, 2] cls=['L', 'T', 'L', 'phase'] sum 1.000000/1.000000
[g=14.5] f_s=0.3863  fit c2=3.0362 cT=4.6475 c1=8.8446 c2/cT=0.6533  (94s)
[g=14.0] a*=1.5020 (scan 1.398-1.638) eps_c=21.69943 eps_u=21.99115 d=-0.29172 mu_c=40.1717 contrast=5.133 rho_min=1.00e-01 res=1.3e-03 ward=-1.65e-02  (75s)
   GM kf=0.03  c(L-,T,L+)=(3.1707, 4.4376, 8.5754) c2/cT=0.7145 Z/q(L-,L+)=(0.0854,0.0820) ZT/q=2.9e-19 F-=0.2773 S-=0.738 order=[0, 1, 2] cls=['L', 'T', 'L', 'phase'] sum 1.000000/1.000000
   GM kf=0.05  c(L-,T,L+)=(3.1744, 4.5506, 8.6315) c2/cT=0.6976 Z/q(L-,L+)=(0.0852,0.0812) ZT/q=1.2e-19 F-=0.2770 S-=0.741 order=[0, 1, 2] cls=['L', 'T', 'L', 'phase'] sum 1.000000/1.000000
   GM kf=0.075 c(L-,T,L+)=(3.1736, 4.5794, 8.6428) c2/cT=0.6930 Z/q(L-,L+)=(0.0839,0.0808) ZT/q=8.4e-21 F-=0.2726 S-=0.738 order=[0, 1, 2] cls=['L', 'T', 'L', 'phase'] sum 1.000000/1.000000
   GM kf=0.1   c(L-,T,L+)=(3.1698, 4.5821, 8.6372) c2/cT=0.6918 Z/q(L-,L+)=(0.0821,0.0807) ZT/q=1.2e-22 F-=0.2663 S-=0.734 order=[0, 1, 2] cls=['L', 'T', 'L', 'phase'] sum 1.000000/1.000000
   GK kf=0.05  c(L-,T,L+)=(3.1745, 4.5481, 8.6330) c2/cT=0.6980 Z/q(L-,L+)=(0.0852,0.0811) ZT/q=1.9e-20 F-=0.2770 S-=0.741 order=[0, 1, 2] cls=['L', 'T', 'L', 'phase'] sum 1.000000/1.000000
[g=14.0] f_s=0.4361  fit c2=3.1716 cT=4.5703 c1=8.6352 c2/cT=0.6940  (104s)
[g=13.5] a*=1.5059 (scan 1.402-1.642) eps_c=21.03275 eps_u=21.20575 d=-0.17300 mu_c=39.2416 contrast=4.741 rho_min=1.29e-01 res=1.4e-03 ward=-1.93e-02  (87s)
   GM kf=0.03  c(L-,T,L+)=(3.3039, 4.3430, 8.3219) c2/cT=0.7607 Z/q(L-,L+)=(0.0994,0.0781) ZT/q=9.6e-19 F-=0.3346 S-=0.762 order=[0, 1, 2] cls=['L', 'T', 'L', 'phase'] sum 1.000000/1.000000
   GM kf=0.05  c(L-,T,L+)=(3.3107, 4.4697, 8.3875) c2/cT=0.7407 Z/q(L-,L+)=(0.0989,0.0770) ZT/q=2.0e-20 F-=0.3333 S-=0.765 order=[0, 1, 2] cls=['L', 'T', 'L', 'phase'] sum 1.000000/1.000000
   GM kf=0.075 c(L-,T,L+)=(3.3153, 4.5018, 8.4039) c2/cT=0.7364 Z/q(L-,L+)=(0.0967,0.0765) ZT/q=1.6e-20 F-=0.3266 S-=0.762 order=[0, 1, 2] cls=['L', 'T', 'L', 'phase'] sum 1.000000/1.000000
   GM kf=0.1   c(L-,T,L+)=(3.3177, 4.5046, 8.4023) c2/cT=0.7365 Z/q(L-,L+)=(0.0939,0.0762) ZT/q=1.3e-20 F-=0.3173 S-=0.756 order=[0, 1, 2] cls=['L', 'T', 'L', 'phase'] sum 1.000000/1.000000
   GK kf=0.05  c(L-,T,L+)=(3.3108, 4.4680, 8.3886) c2/cT=0.7410 Z/q(L-,L+)=(0.0989,0.0770) ZT/q=8.1e-21 F-=0.3334 S-=0.765 order=[0, 1, 2] cls=['L', 'T', 'L', 'phase'] sum 1.000000/1.000000
[g=13.5] f_s=0.4972  fit c2=3.3154 cT=4.4915 c1=8.3970 c2/cT=0.7382  (115s)
[g=13.0] a*=1.5102 (scan 1.406-1.646) eps_c=20.34967 eps_u=20.42035 d=-0.07068 mu_c=38.3667 contrast=4.236 rho_min=1.74e-01 res=1.5e-03 ward=-2.53e-02  (91s)
   GM kf=0.03  c(L-,T,L+)=(3.4061, 4.2239, 7.9916) c2/cT=0.8064 Z/q(L-,L+)=(0.1235,0.0701) ZT/q=2.1e-18 F-=0.4261 S-=0.805 order=[0, 1, 2] cls=['L', 'T', 'L', 'phase'] sum 1.000000/1.000000
   GM kf=0.05  c(L-,T,L+)=(3.4224, 4.3810, 8.0774) c2/cT=0.7812 Z/q(L-,L+)=(0.1217,0.0687) ZT/q=6.0e-20 F-=0.4218 S-=0.807 order=[0, 1, 2] cls=['L', 'T', 'L', 'phase'] sum 1.000000/1.000000
   GM kf=0.075 c(L-,T,L+)=(3.4432, 4.4206, 8.1036) c2/cT=0.7789 Z/q(L-,L+)=(0.1173,0.0679) ZT/q=2.0e-20 F-=0.4088 S-=0.801 order=[0, 1, 2] cls=['L', 'T', 'L', 'phase'] sum 1.000000/1.000000
   GM kf=0.1   c(L-,T,L+)=(3.4636, 4.4242, 8.1092) c2/cT=0.7829 Z/q(L-,L+)=(0.1119,0.0672) ZT/q=1.6e-21 F-=0.3925 S-=0.792 order=[0, 1, 2] cls=['phase', 'T', 'L', 'phase'] sum 1.000000/1.000000
   GK kf=0.05  c(L-,T,L+)=(3.4224, 4.3805, 8.0780) c2/cT=0.7813 Z/q(L-,L+)=(0.1217,0.0687) ZT/q=2.2e-19 F-=0.4217 S-=0.807 order=[0, 1, 2] cls=['L', 'T', 'L', 'phase'] sum 1.000000/1.000000
[g=13.0] f_s=0.5763  fit c2=3.4494 cT=4.4080 c1=8.0978 c2/cT=0.7825  (119s)
[g=12.5] a*=1.6405 (scan 1.410-1.650) eps_c=19.63495 eps_u=19.63495 d=+0.00000 mu_c=39.2699 contrast=0.000 rho_min=1.00e+00 res=3.1e-08 ward=1.44e-02  (91s)
[g=12.5] crystal collapsed to uniform -- no BdG
[g=12.0] a*=1.4158 (scan 1.410-1.650) eps_c=18.84956 eps_u=18.84956 d=-0.00000 mu_c=37.6991 contrast=0.000 rho_min=1.00e+00 res=9.4e-10 ward=1.86e-02  (90s)
[g=12.0] crystal collapsed to uniform -- no BdG
[g=11.5] a*=1.6502 (scan 1.410-1.650) eps_c=18.06416 eps_u=18.06416 d=+0.00000 mu_c=36.1283 contrast=0.000 rho_min=1.00e+00 res=9.7e-10 ward=1.31e-02  (86s)
[g=11.5] crystal collapsed to uniform -- no BdG
[g=11.0] a*=1.4102 (scan 1.410-1.650) eps_c=17.27876 eps_u=17.27876 d=+0.00000 mu_c=34.5575 contrast=0.000 rho_min=1.00e+00 res=2.6e-11 ward=1.71e-02  (80s)
[g=11.0] crystal collapsed to uniform -- no BdG
SWEEP DONE
